                                 Started job on |	Nov 02 04:11:24
                             Started mapping on |	Nov 02 04:11:27
                                    Finished on |	Nov 02 04:11:29
       Mapping speed, Million of reads per hour |	6.32

                          Number of input reads |	3513
                      Average input read length |	27
                                    UNIQUE READS:
                   Uniquely mapped reads number |	233
                        Uniquely mapped reads % |	6.63%
                          Average mapped length |	36.54
                       Number of splices: Total |	0
            Number of splices: Annotated (sjdb) |	0
                       Number of splices: GT/AG |	0
                       Number of splices: GC/AG |	0
                       Number of splices: AT/AC |	0
               Number of splices: Non-canonical |	0
                      Mismatch rate per base, % |	0.32%
                         Deletion rate per base |	0.00%
                        Deletion average length |	0.00
                        Insertion rate per base |	0.00%
                       Insertion average length |	0.00
                             MULTI-MAPPING READS:
        Number of reads mapped to multiple loci |	2976
             % of reads mapped to multiple loci |	84.71%
        Number of reads mapped to too many loci |	0
             % of reads mapped to too many loci |	0.00%
                                  UNMAPPED READS:
       % of reads unmapped: too many mismatches |	0.00%
                 % of reads unmapped: too short |	8.65%
                     % of reads unmapped: other |	0.00%
                                  CHIMERIC READS:
                       Number of chimeric reads |	0
                            % of chimeric reads |	0.00%
