                                 Started job on |	Nov 02 04:11:29
                             Started mapping on |	Nov 02 04:11:31
                                    Finished on |	Nov 02 04:11:33
       Mapping speed, Million of reads per hour |	7.43

                          Number of input reads |	4128
                      Average input read length |	22
                                    UNIQUE READS:
                   Uniquely mapped reads number |	10
                        Uniquely mapped reads % |	0.24%
                          Average mapped length |	20.00
                       Number of splices: Total |	0
            Number of splices: Annotated (sjdb) |	0
                       Number of splices: GT/AG |	0
                       Number of splices: GC/AG |	0
                       Number of splices: AT/AC |	0
               Number of splices: Non-canonical |	0
                      Mismatch rate per base, % |	4.00%
                         Deletion rate per base |	0.00%
                        Deletion average length |	0.00
                        Insertion rate per base |	0.00%
                       Insertion average length |	0.00
                             MULTI-MAPPING READS:
        Number of reads mapped to multiple loci |	29
             % of reads mapped to multiple loci |	0.70%
        Number of reads mapped to too many loci |	0
             % of reads mapped to too many loci |	0.00%
                                  UNMAPPED READS:
       % of reads unmapped: too many mismatches |	0.00%
                 % of reads unmapped: too short |	55.11%
                     % of reads unmapped: other |	43.94%
                                  CHIMERIC READS:
                       Number of chimeric reads |	0
                            % of chimeric reads |	0.00%
