                                 Started job on |	Nov 02 04:11:12
                             Started mapping on |	Nov 02 04:11:12
                                    Finished on |	Nov 02 04:11:12
       Mapping speed, Million of reads per hour |	inf

                          Number of input reads |	8221
                      Average input read length |	25
                                    UNIQUE READS:
                   Uniquely mapped reads number |	145
                        Uniquely mapped reads % |	1.76%
                          Average mapped length |	39.30
                       Number of splices: Total |	0
            Number of splices: Annotated (sjdb) |	0
                       Number of splices: GT/AG |	0
                       Number of splices: GC/AG |	0
                       Number of splices: AT/AC |	0
               Number of splices: Non-canonical |	0
                      Mismatch rate per base, % |	0.19%
                         Deletion rate per base |	0.00%
                        Deletion average length |	0.00
                        Insertion rate per base |	0.00%
                       Insertion average length |	0.00
                             MULTI-MAPPING READS:
        Number of reads mapped to multiple loci |	435
             % of reads mapped to multiple loci |	5.29%
        Number of reads mapped to too many loci |	0
             % of reads mapped to too many loci |	0.00%
                                  UNMAPPED READS:
       % of reads unmapped: too many mismatches |	0.00%
                 % of reads unmapped: too short |	70.88%
                     % of reads unmapped: other |	22.07%
                                  CHIMERIC READS:
                       Number of chimeric reads |	0
                            % of chimeric reads |	0.00%
