                                 Started job on |	Nov 02 04:02:41
                             Started mapping on |	Nov 02 04:02:50
                                    Finished on |	Nov 02 04:02:52
       Mapping speed, Million of reads per hour |	15.09

                          Number of input reads |	8383
                      Average input read length |	23
                                    UNIQUE READS:
                   Uniquely mapped reads number |	1293
                        Uniquely mapped reads % |	15.42%
                          Average mapped length |	23.26
                       Number of splices: Total |	0
            Number of splices: Annotated (sjdb) |	0
                       Number of splices: GT/AG |	0
                       Number of splices: GC/AG |	0
                       Number of splices: AT/AC |	0
               Number of splices: Non-canonical |	0
                      Mismatch rate per base, % |	0.14%
                         Deletion rate per base |	0.00%
                        Deletion average length |	0.00
                        Insertion rate per base |	0.00%
                       Insertion average length |	0.00
                             MULTI-MAPPING READS:
        Number of reads mapped to multiple loci |	2600
             % of reads mapped to multiple loci |	31.02%
        Number of reads mapped to too many loci |	0
             % of reads mapped to too many loci |	0.00%
                                  UNMAPPED READS:
       % of reads unmapped: too many mismatches |	0.00%
                 % of reads unmapped: too short |	25.69%
                     % of reads unmapped: other |	27.87%
                                  CHIMERIC READS:
                       Number of chimeric reads |	0
                            % of chimeric reads |	0.00%
