                                 Started job on |	Nov 02 04:02:36
                             Started mapping on |	Nov 02 04:02:36
                                    Finished on |	Nov 02 04:02:37
       Mapping speed, Million of reads per hour |	32.22

                          Number of input reads |	8950
                      Average input read length |	23
                                    UNIQUE READS:
                   Uniquely mapped reads number |	19
                        Uniquely mapped reads % |	0.21%
                          Average mapped length |	40.47
                       Number of splices: Total |	0
            Number of splices: Annotated (sjdb) |	0
                       Number of splices: GT/AG |	0
                       Number of splices: GC/AG |	0
                       Number of splices: AT/AC |	0
               Number of splices: Non-canonical |	0
                      Mismatch rate per base, % |	0.13%
                         Deletion rate per base |	0.00%
                        Deletion average length |	0.00
                        Insertion rate per base |	0.00%
                       Insertion average length |	0.00
                             MULTI-MAPPING READS:
        Number of reads mapped to multiple loci |	1
             % of reads mapped to multiple loci |	0.01%
        Number of reads mapped to too many loci |	0
             % of reads mapped to too many loci |	0.00%
                                  UNMAPPED READS:
       % of reads unmapped: too many mismatches |	0.00%
                 % of reads unmapped: too short |	73.68%
                     % of reads unmapped: other |	26.10%
                                  CHIMERIC READS:
                       Number of chimeric reads |	0
                            % of chimeric reads |	0.00%
