                                 Started job on |	Nov 02 04:24:05
                             Started mapping on |	Nov 02 04:24:08
                                    Finished on |	Nov 02 04:24:09
       Mapping speed, Million of reads per hour |	8.13

                          Number of input reads |	2257
                      Average input read length |	25
                                    UNIQUE READS:
                   Uniquely mapped reads number |	115
                        Uniquely mapped reads % |	5.10%
                          Average mapped length |	33.25
                       Number of splices: Total |	0
            Number of splices: Annotated (sjdb) |	0
                       Number of splices: GT/AG |	0
                       Number of splices: GC/AG |	0
                       Number of splices: AT/AC |	0
               Number of splices: Non-canonical |	0
                      Mismatch rate per base, % |	0.58%
                         Deletion rate per base |	0.00%
                        Deletion average length |	0.00
                        Insertion rate per base |	0.00%
                       Insertion average length |	0.00
                             MULTI-MAPPING READS:
        Number of reads mapped to multiple loci |	1772
             % of reads mapped to multiple loci |	78.51%
        Number of reads mapped to too many loci |	0
             % of reads mapped to too many loci |	0.00%
                                  UNMAPPED READS:
       % of reads unmapped: too many mismatches |	0.00%
                 % of reads unmapped: too short |	16.35%
                     % of reads unmapped: other |	0.04%
                                  CHIMERIC READS:
                       Number of chimeric reads |	0
                            % of chimeric reads |	0.00%
