                                 Started job on |	Nov 02 04:23:56
                             Started mapping on |	Nov 02 04:24:03
                                    Finished on |	Nov 02 04:24:05
       Mapping speed, Million of reads per hour |	11.38

                          Number of input reads |	6325
                      Average input read length |	23
                                    UNIQUE READS:
                   Uniquely mapped reads number |	892
                        Uniquely mapped reads % |	14.10%
                          Average mapped length |	23.35
                       Number of splices: Total |	0
            Number of splices: Annotated (sjdb) |	0
                       Number of splices: GT/AG |	0
                       Number of splices: GC/AG |	0
                       Number of splices: AT/AC |	0
               Number of splices: Non-canonical |	0
                      Mismatch rate per base, % |	0.26%
                         Deletion rate per base |	0.01%
                        Deletion average length |	1.00
                        Insertion rate per base |	0.00%
                       Insertion average length |	0.00
                             MULTI-MAPPING READS:
        Number of reads mapped to multiple loci |	1365
             % of reads mapped to multiple loci |	21.58%
        Number of reads mapped to too many loci |	0
             % of reads mapped to too many loci |	0.00%
                                  UNMAPPED READS:
       % of reads unmapped: too many mismatches |	0.00%
                 % of reads unmapped: too short |	38.26%
                     % of reads unmapped: other |	26.06%
                                  CHIMERIC READS:
                       Number of chimeric reads |	0
                            % of chimeric reads |	0.00%
