                                 Started job on |	Nov 02 04:23:53
                             Started mapping on |	Nov 02 04:23:53
                                    Finished on |	Nov 02 04:23:54
       Mapping speed, Million of reads per hour |	24.16

                          Number of input reads |	6711
                      Average input read length |	23
                                    UNIQUE READS:
                   Uniquely mapped reads number |	88
                        Uniquely mapped reads % |	1.31%
                          Average mapped length |	38.83
                       Number of splices: Total |	0
            Number of splices: Annotated (sjdb) |	0
                       Number of splices: GT/AG |	0
                       Number of splices: GC/AG |	0
                       Number of splices: AT/AC |	0
               Number of splices: Non-canonical |	0
                      Mismatch rate per base, % |	0.20%
                         Deletion rate per base |	0.00%
                        Deletion average length |	0.00
                        Insertion rate per base |	0.00%
                       Insertion average length |	0.00
                             MULTI-MAPPING READS:
        Number of reads mapped to multiple loci |	298
             % of reads mapped to multiple loci |	4.44%
        Number of reads mapped to too many loci |	0
             % of reads mapped to too many loci |	0.00%
                                  UNMAPPED READS:
       % of reads unmapped: too many mismatches |	0.00%
                 % of reads unmapped: too short |	69.69%
                     % of reads unmapped: other |	24.56%
                                  CHIMERIC READS:
                       Number of chimeric reads |	0
                            % of chimeric reads |	0.00%
