                                 Started job on |	Nov 02 04:07:19
                             Started mapping on |	Nov 02 04:07:22
                                    Finished on |	Nov 02 04:07:23
       Mapping speed, Million of reads per hour |	11.63

                          Number of input reads |	3231
                      Average input read length |	25
                                    UNIQUE READS:
                   Uniquely mapped reads number |	173
                        Uniquely mapped reads % |	5.35%
                          Average mapped length |	33.97
                       Number of splices: Total |	0
            Number of splices: Annotated (sjdb) |	0
                       Number of splices: GT/AG |	0
                       Number of splices: GC/AG |	0
                       Number of splices: AT/AC |	0
               Number of splices: Non-canonical |	0
                      Mismatch rate per base, % |	0.32%
                         Deletion rate per base |	0.00%
                        Deletion average length |	0.00
                        Insertion rate per base |	0.00%
                       Insertion average length |	0.00
                             MULTI-MAPPING READS:
        Number of reads mapped to multiple loci |	2677
             % of reads mapped to multiple loci |	82.85%
        Number of reads mapped to too many loci |	0
             % of reads mapped to too many loci |	0.00%
                                  UNMAPPED READS:
       % of reads unmapped: too many mismatches |	0.00%
                 % of reads unmapped: too short |	11.79%
                     % of reads unmapped: other |	0.00%
                                  CHIMERIC READS:
                       Number of chimeric reads |	0
                            % of chimeric reads |	0.00%
