                                 Started job on |	Nov 02 04:07:23
                             Started mapping on |	Nov 02 04:07:26
                                    Finished on |	Nov 02 04:07:28
       Mapping speed, Million of reads per hour |	7.72

                          Number of input reads |	4288
                      Average input read length |	21
                                    UNIQUE READS:
                   Uniquely mapped reads number |	8
                        Uniquely mapped reads % |	0.19%
                          Average mapped length |	19.25
                       Number of splices: Total |	0
            Number of splices: Annotated (sjdb) |	0
                       Number of splices: GT/AG |	0
                       Number of splices: GC/AG |	0
                       Number of splices: AT/AC |	0
               Number of splices: Non-canonical |	0
                      Mismatch rate per base, % |	4.55%
                         Deletion rate per base |	0.00%
                        Deletion average length |	0.00
                        Insertion rate per base |	0.00%
                       Insertion average length |	0.00
                             MULTI-MAPPING READS:
        Number of reads mapped to multiple loci |	34
             % of reads mapped to multiple loci |	0.79%
        Number of reads mapped to too many loci |	0
             % of reads mapped to too many loci |	0.00%
                                  UNMAPPED READS:
       % of reads unmapped: too many mismatches |	0.00%
                 % of reads unmapped: too short |	50.75%
                     % of reads unmapped: other |	48.27%
                                  CHIMERIC READS:
                       Number of chimeric reads |	0
                            % of chimeric reads |	0.00%
