                                 Started job on |	Nov 02 04:19:35
                             Started mapping on |	Nov 02 04:19:42
                                    Finished on |	Nov 02 04:19:44
       Mapping speed, Million of reads per hour |	14.07

                          Number of input reads |	7815
                      Average input read length |	22
                                    UNIQUE READS:
                   Uniquely mapped reads number |	1116
                        Uniquely mapped reads % |	14.28%
                          Average mapped length |	23.26
                       Number of splices: Total |	0
            Number of splices: Annotated (sjdb) |	0
                       Number of splices: GT/AG |	0
                       Number of splices: GC/AG |	0
                       Number of splices: AT/AC |	0
               Number of splices: Non-canonical |	0
                      Mismatch rate per base, % |	0.33%
                         Deletion rate per base |	0.00%
                        Deletion average length |	0.00
                        Insertion rate per base |	0.00%
                       Insertion average length |	0.00
                             MULTI-MAPPING READS:
        Number of reads mapped to multiple loci |	1158
             % of reads mapped to multiple loci |	14.82%
        Number of reads mapped to too many loci |	0
             % of reads mapped to too many loci |	0.00%
                                  UNMAPPED READS:
       % of reads unmapped: too many mismatches |	0.00%
                 % of reads unmapped: too short |	37.95%
                     % of reads unmapped: other |	32.95%
                                  CHIMERIC READS:
                       Number of chimeric reads |	0
                            % of chimeric reads |	0.00%
