                                 Started job on |	Nov 02 04:19:49
                             Started mapping on |	Nov 02 04:19:52
                                    Finished on |	Nov 02 04:19:53
       Mapping speed, Million of reads per hour |	19.95

                          Number of input reads |	5541
                      Average input read length |	21
                                    UNIQUE READS:
                   Uniquely mapped reads number |	17
                        Uniquely mapped reads % |	0.31%
                          Average mapped length |	19.18
                       Number of splices: Total |	0
            Number of splices: Annotated (sjdb) |	0
                       Number of splices: GT/AG |	0
                       Number of splices: GC/AG |	0
                       Number of splices: AT/AC |	0
               Number of splices: Non-canonical |	0
                      Mismatch rate per base, % |	4.60%
                         Deletion rate per base |	0.00%
                        Deletion average length |	0.00
                        Insertion rate per base |	0.00%
                       Insertion average length |	0.00
                             MULTI-MAPPING READS:
        Number of reads mapped to multiple loci |	25
             % of reads mapped to multiple loci |	0.45%
        Number of reads mapped to too many loci |	0
             % of reads mapped to too many loci |	0.00%
                                  UNMAPPED READS:
       % of reads unmapped: too many mismatches |	0.00%
                 % of reads unmapped: too short |	52.77%
                     % of reads unmapped: other |	46.47%
                                  CHIMERIC READS:
                       Number of chimeric reads |	0
                            % of chimeric reads |	0.00%
