                                 Started job on |	Nov 02 04:19:31
                             Started mapping on |	Nov 02 04:19:31
                                    Finished on |	Nov 02 04:19:32
       Mapping speed, Million of reads per hour |	29.89

                          Number of input reads |	8304
                      Average input read length |	22
                                    UNIQUE READS:
                   Uniquely mapped reads number |	39
                        Uniquely mapped reads % |	0.47%
                          Average mapped length |	37.67
                       Number of splices: Total |	0
            Number of splices: Annotated (sjdb) |	0
                       Number of splices: GT/AG |	0
                       Number of splices: GC/AG |	0
                       Number of splices: AT/AC |	0
               Number of splices: Non-canonical |	0
                      Mismatch rate per base, % |	0.14%
                         Deletion rate per base |	0.00%
                        Deletion average length |	0.00
                        Insertion rate per base |	0.00%
                       Insertion average length |	0.00
                             MULTI-MAPPING READS:
        Number of reads mapped to multiple loci |	2
             % of reads mapped to multiple loci |	0.02%
        Number of reads mapped to too many loci |	0
             % of reads mapped to too many loci |	0.00%
                                  UNMAPPED READS:
       % of reads unmapped: too many mismatches |	0.00%
                 % of reads unmapped: too short |	68.50%
                     % of reads unmapped: other |	31.01%
                                  CHIMERIC READS:
                       Number of chimeric reads |	0
                            % of chimeric reads |	0.00%
