                                 Started job on |	Nov 02 04:14:46
                             Started mapping on |	Nov 02 04:14:49
                                    Finished on |	Nov 02 04:14:51
       Mapping speed, Million of reads per hour |	9.21

                          Number of input reads |	5116
                      Average input read length |	25
                                    UNIQUE READS:
                   Uniquely mapped reads number |	118
                        Uniquely mapped reads % |	2.31%
                          Average mapped length |	33.14
                       Number of splices: Total |	0
            Number of splices: Annotated (sjdb) |	0
                       Number of splices: GT/AG |	0
                       Number of splices: GC/AG |	0
                       Number of splices: AT/AC |	0
               Number of splices: Non-canonical |	0
                      Mismatch rate per base, % |	0.46%
                         Deletion rate per base |	0.00%
                        Deletion average length |	0.00
                        Insertion rate per base |	0.00%
                       Insertion average length |	0.00
                             MULTI-MAPPING READS:
        Number of reads mapped to multiple loci |	4796
             % of reads mapped to multiple loci |	93.75%
        Number of reads mapped to too many loci |	0
             % of reads mapped to too many loci |	0.00%
                                  UNMAPPED READS:
       % of reads unmapped: too many mismatches |	0.00%
                 % of reads unmapped: too short |	3.93%
                     % of reads unmapped: other |	0.02%
                                  CHIMERIC READS:
                       Number of chimeric reads |	0
                            % of chimeric reads |	0.00%
