                                 Started job on |	Nov 02 04:14:51
                             Started mapping on |	Nov 02 04:14:54
                                    Finished on |	Nov 02 04:14:55
       Mapping speed, Million of reads per hour |	10.45

                          Number of input reads |	2902
                      Average input read length |	20
                                    UNIQUE READS:
                   Uniquely mapped reads number |	6
                        Uniquely mapped reads % |	0.21%
                          Average mapped length |	18.00
                       Number of splices: Total |	0
            Number of splices: Annotated (sjdb) |	0
                       Number of splices: GT/AG |	0
                       Number of splices: GC/AG |	0
                       Number of splices: AT/AC |	0
               Number of splices: Non-canonical |	0
                      Mismatch rate per base, % |	1.85%
                         Deletion rate per base |	0.00%
                        Deletion average length |	0.00
                        Insertion rate per base |	0.00%
                       Insertion average length |	0.00
                             MULTI-MAPPING READS:
        Number of reads mapped to multiple loci |	33
             % of reads mapped to multiple loci |	1.14%
        Number of reads mapped to too many loci |	0
             % of reads mapped to too many loci |	0.00%
                                  UNMAPPED READS:
       % of reads unmapped: too many mismatches |	0.00%
                 % of reads unmapped: too short |	43.38%
                     % of reads unmapped: other |	55.27%
                                  CHIMERIC READS:
                       Number of chimeric reads |	0
                            % of chimeric reads |	0.00%
