                                 Started job on |	Nov 02 04:14:33
                             Started mapping on |	Nov 02 04:14:33
                                    Finished on |	Nov 02 04:14:34
       Mapping speed, Million of reads per hour |	30.53

                          Number of input reads |	8480
                      Average input read length |	23
                                    UNIQUE READS:
                   Uniquely mapped reads number |	132
                        Uniquely mapped reads % |	1.56%
                          Average mapped length |	39.89
                       Number of splices: Total |	0
            Number of splices: Annotated (sjdb) |	0
                       Number of splices: GT/AG |	0
                       Number of splices: GC/AG |	0
                       Number of splices: AT/AC |	0
               Number of splices: Non-canonical |	0
                      Mismatch rate per base, % |	0.28%
                         Deletion rate per base |	0.00%
                        Deletion average length |	0.00
                        Insertion rate per base |	0.00%
                       Insertion average length |	0.00
                             MULTI-MAPPING READS:
        Number of reads mapped to multiple loci |	330
             % of reads mapped to multiple loci |	3.89%
        Number of reads mapped to too many loci |	0
             % of reads mapped to too many loci |	0.00%
                                  UNMAPPED READS:
       % of reads unmapped: too many mismatches |	0.00%
                 % of reads unmapped: too short |	75.65%
                     % of reads unmapped: other |	18.90%
                                  CHIMERIC READS:
                       Number of chimeric reads |	0
                            % of chimeric reads |	0.00%
