                                 Started job on |	Nov 02 04:11:06
                             Started mapping on |	Nov 02 04:11:09
                                    Finished on |	Nov 02 04:11:11
       Mapping speed, Million of reads per hour |	9.01

                          Number of input reads |	5003
                      Average input read length |	22
                                    UNIQUE READS:
                   Uniquely mapped reads number |	8
                        Uniquely mapped reads % |	0.16%
                          Average mapped length |	19.25
                       Number of splices: Total |	0
            Number of splices: Annotated (sjdb) |	0
                       Number of splices: GT/AG |	0
                       Number of splices: GC/AG |	0
                       Number of splices: AT/AC |	0
               Number of splices: Non-canonical |	0
                      Mismatch rate per base, % |	4.55%
                         Deletion rate per base |	0.00%
                        Deletion average length |	0.00
                        Insertion rate per base |	0.00%
                       Insertion average length |	0.00
                             MULTI-MAPPING READS:
        Number of reads mapped to multiple loci |	37
             % of reads mapped to multiple loci |	0.74%
        Number of reads mapped to too many loci |	0
             % of reads mapped to too many loci |	0.00%
                                  UNMAPPED READS:
       % of reads unmapped: too many mismatches |	0.00%
                 % of reads unmapped: too short |	58.50%
                     % of reads unmapped: other |	40.60%
                                  CHIMERIC READS:
                       Number of chimeric reads |	0
                            % of chimeric reads |	0.00%
