                                 Started job on |	Nov 02 04:10:52
                             Started mapping on |	Nov 02 04:10:59
                                    Finished on |	Nov 02 04:11:02
       Mapping speed, Million of reads per hour |	9.59

                          Number of input reads |	7990
                      Average input read length |	24
                                    UNIQUE READS:
                   Uniquely mapped reads number |	1066
                        Uniquely mapped reads % |	13.34%
                          Average mapped length |	23.67
                       Number of splices: Total |	0
            Number of splices: Annotated (sjdb) |	0
                       Number of splices: GT/AG |	0
                       Number of splices: GC/AG |	0
                       Number of splices: AT/AC |	0
               Number of splices: Non-canonical |	0
                      Mismatch rate per base, % |	0.20%
                         Deletion rate per base |	0.00%
                        Deletion average length |	0.00
                        Insertion rate per base |	0.00%
                       Insertion average length |	0.00
                             MULTI-MAPPING READS:
        Number of reads mapped to multiple loci |	1921
             % of reads mapped to multiple loci |	24.04%
        Number of reads mapped to too many loci |	0
             % of reads mapped to too many loci |	0.00%
                                  UNMAPPED READS:
       % of reads unmapped: too many mismatches |	0.00%
                 % of reads unmapped: too short |	37.20%
                     % of reads unmapped: other |	25.42%
                                  CHIMERIC READS:
                       Number of chimeric reads |	0
                            % of chimeric reads |	0.00%
