                                 Started job on |	Nov 02 04:11:02
                             Started mapping on |	Nov 02 04:11:05
                                    Finished on |	Nov 02 04:11:06
       Mapping speed, Million of reads per hour |	10.75

                          Number of input reads |	2987
                      Average input read length |	26
                                    UNIQUE READS:
                   Uniquely mapped reads number |	153
                        Uniquely mapped reads % |	5.12%
                          Average mapped length |	34.44
                       Number of splices: Total |	0
            Number of splices: Annotated (sjdb) |	0
                       Number of splices: GT/AG |	0
                       Number of splices: GC/AG |	0
                       Number of splices: AT/AC |	0
               Number of splices: Non-canonical |	0
                      Mismatch rate per base, % |	0.25%
                         Deletion rate per base |	0.00%
                        Deletion average length |	0.00
                        Insertion rate per base |	0.00%
                       Insertion average length |	0.00
                             MULTI-MAPPING READS:
        Number of reads mapped to multiple loci |	2453
             % of reads mapped to multiple loci |	82.12%
        Number of reads mapped to too many loci |	0
             % of reads mapped to too many loci |	0.00%
                                  UNMAPPED READS:
       % of reads unmapped: too many mismatches |	0.00%
                 % of reads unmapped: too short |	12.65%
                     % of reads unmapped: other |	0.10%
                                  CHIMERIC READS:
                       Number of chimeric reads |	0
                            % of chimeric reads |	0.00%
