                                 Started job on |	Nov 02 04:10:48
                             Started mapping on |	Nov 02 04:10:48
                                    Finished on |	Nov 02 04:10:49
       Mapping speed, Million of reads per hour |	31.15

                          Number of input reads |	8654
                      Average input read length |	24
                                    UNIQUE READS:
                   Uniquely mapped reads number |	15
                        Uniquely mapped reads % |	0.17%
                          Average mapped length |	41.00
                       Number of splices: Total |	0
            Number of splices: Annotated (sjdb) |	0
                       Number of splices: GT/AG |	0
                       Number of splices: GC/AG |	0
                       Number of splices: AT/AC |	0
               Number of splices: Non-canonical |	0
                      Mismatch rate per base, % |	0.16%
                         Deletion rate per base |	0.00%
                        Deletion average length |	0.00
                        Insertion rate per base |	0.00%
                       Insertion average length |	0.00
                             MULTI-MAPPING READS:
        Number of reads mapped to multiple loci |	2
             % of reads mapped to multiple loci |	0.02%
        Number of reads mapped to too many loci |	0
             % of reads mapped to too many loci |	0.00%
                                  UNMAPPED READS:
       % of reads unmapped: too many mismatches |	0.00%
                 % of reads unmapped: too short |	76.33%
                     % of reads unmapped: other |	23.47%
                                  CHIMERIC READS:
                       Number of chimeric reads |	0
                            % of chimeric reads |	0.00%
