                                 Started job on |	Nov 02 04:06:50
                             Started mapping on |	Nov 02 04:06:53
                                    Finished on |	Nov 02 04:06:54
       Mapping speed, Million of reads per hour |	17.30

                          Number of input reads |	4805
                      Average input read length |	20
                                    UNIQUE READS:
                   Uniquely mapped reads number |	13
                        Uniquely mapped reads % |	0.27%
                          Average mapped length |	21.31
                       Number of splices: Total |	0
            Number of splices: Annotated (sjdb) |	0
                       Number of splices: GT/AG |	0
                       Number of splices: GC/AG |	0
                       Number of splices: AT/AC |	0
               Number of splices: Non-canonical |	0
                      Mismatch rate per base, % |	3.97%
                         Deletion rate per base |	0.00%
                        Deletion average length |	0.00
                        Insertion rate per base |	0.00%
                       Insertion average length |	0.00
                             MULTI-MAPPING READS:
        Number of reads mapped to multiple loci |	36
             % of reads mapped to multiple loci |	0.75%
        Number of reads mapped to too many loci |	0
             % of reads mapped to too many loci |	0.00%
                                  UNMAPPED READS:
       % of reads unmapped: too many mismatches |	0.00%
                 % of reads unmapped: too short |	46.20%
                     % of reads unmapped: other |	52.78%
                                  CHIMERIC READS:
                       Number of chimeric reads |	0
                            % of chimeric reads |	0.00%
