                                 Started job on |	Nov 02 04:06:32
                             Started mapping on |	Nov 02 04:06:32
                                    Finished on |	Nov 02 04:06:33
       Mapping speed, Million of reads per hour |	32.52

                          Number of input reads |	9034
                      Average input read length |	23
                                    UNIQUE READS:
                   Uniquely mapped reads number |	26
                        Uniquely mapped reads % |	0.29%
                          Average mapped length |	39.42
                       Number of splices: Total |	0
            Number of splices: Annotated (sjdb) |	0
                       Number of splices: GT/AG |	0
                       Number of splices: GC/AG |	0
                       Number of splices: AT/AC |	0
               Number of splices: Non-canonical |	0
                      Mismatch rate per base, % |	0.29%
                         Deletion rate per base |	0.00%
                        Deletion average length |	0.00
                        Insertion rate per base |	0.00%
                       Insertion average length |	0.00
                             MULTI-MAPPING READS:
        Number of reads mapped to multiple loci |	0
             % of reads mapped to multiple loci |	0.00%
        Number of reads mapped to too many loci |	0
             % of reads mapped to too many loci |	0.00%
                                  UNMAPPED READS:
       % of reads unmapped: too many mismatches |	0.00%
                 % of reads unmapped: too short |	71.66%
                     % of reads unmapped: other |	28.05%
                                  CHIMERIC READS:
                       Number of chimeric reads |	0
                            % of chimeric reads |	0.00%
