                                 Started job on |	Nov 02 04:06:33
                             Started mapping on |	Nov 02 04:06:33
                                    Finished on |	Nov 02 04:06:33
       Mapping speed, Million of reads per hour |	inf

                          Number of input reads |	9008
                      Average input read length |	23
                                    UNIQUE READS:
                   Uniquely mapped reads number |	252
                        Uniquely mapped reads % |	2.80%
                          Average mapped length |	39.29
                       Number of splices: Total |	0
            Number of splices: Annotated (sjdb) |	0
                       Number of splices: GT/AG |	0
                       Number of splices: GC/AG |	0
                       Number of splices: AT/AC |	0
               Number of splices: Non-canonical |	0
                      Mismatch rate per base, % |	0.13%
                         Deletion rate per base |	0.00%
                        Deletion average length |	0.00
                        Insertion rate per base |	0.00%
                       Insertion average length |	0.00
                             MULTI-MAPPING READS:
        Number of reads mapped to multiple loci |	370
             % of reads mapped to multiple loci |	4.11%
        Number of reads mapped to too many loci |	0
             % of reads mapped to too many loci |	0.00%
                                  UNMAPPED READS:
       % of reads unmapped: too many mismatches |	0.00%
                 % of reads unmapped: too short |	64.96%
                     % of reads unmapped: other |	28.13%
                                  CHIMERIC READS:
                       Number of chimeric reads |	0
                            % of chimeric reads |	0.00%
