                                 Started job on |	Nov 02 04:23:21
                             Started mapping on |	Nov 02 04:23:28
                                    Finished on |	Nov 02 04:23:31
       Mapping speed, Million of reads per hour |	9.66

                          Number of input reads |	8051
                      Average input read length |	23
                                    UNIQUE READS:
                   Uniquely mapped reads number |	1275
                        Uniquely mapped reads % |	15.84%
                          Average mapped length |	23.35
                       Number of splices: Total |	0
            Number of splices: Annotated (sjdb) |	0
                       Number of splices: GT/AG |	0
                       Number of splices: GC/AG |	0
                       Number of splices: AT/AC |	0
               Number of splices: Non-canonical |	0
                      Mismatch rate per base, % |	0.16%
                         Deletion rate per base |	0.00%
                        Deletion average length |	0.00
                        Insertion rate per base |	0.00%
                       Insertion average length |	0.00
                             MULTI-MAPPING READS:
        Number of reads mapped to multiple loci |	2560
             % of reads mapped to multiple loci |	31.80%
        Number of reads mapped to too many loci |	0
             % of reads mapped to too many loci |	0.00%
                                  UNMAPPED READS:
       % of reads unmapped: too many mismatches |	0.00%
                 % of reads unmapped: too short |	29.46%
                     % of reads unmapped: other |	22.90%
                                  CHIMERIC READS:
                       Number of chimeric reads |	0
                            % of chimeric reads |	0.00%
