                                 Started job on |	Nov 02 04:23:31
                             Started mapping on |	Nov 02 04:23:34
                                    Finished on |	Nov 02 04:23:35
       Mapping speed, Million of reads per hour |	13.81

                          Number of input reads |	3835
                      Average input read length |	25
                                    UNIQUE READS:
                   Uniquely mapped reads number |	120
                        Uniquely mapped reads % |	3.13%
                          Average mapped length |	36.50
                       Number of splices: Total |	0
            Number of splices: Annotated (sjdb) |	0
                       Number of splices: GT/AG |	0
                       Number of splices: GC/AG |	0
                       Number of splices: AT/AC |	0
               Number of splices: Non-canonical |	0
                      Mismatch rate per base, % |	0.32%
                         Deletion rate per base |	0.00%
                        Deletion average length |	0.00
                        Insertion rate per base |	0.00%
                       Insertion average length |	0.00
                             MULTI-MAPPING READS:
        Number of reads mapped to multiple loci |	3385
             % of reads mapped to multiple loci |	88.27%
        Number of reads mapped to too many loci |	0
             % of reads mapped to too many loci |	0.00%
                                  UNMAPPED READS:
       % of reads unmapped: too many mismatches |	0.00%
                 % of reads unmapped: too short |	8.58%
                     % of reads unmapped: other |	0.03%
                                  CHIMERIC READS:
                       Number of chimeric reads |	0
                            % of chimeric reads |	0.00%
