                                 Started job on |	Nov 02 04:23:18
                             Started mapping on |	Nov 02 04:23:18
                                    Finished on |	Nov 02 04:23:19
       Mapping speed, Million of reads per hour |	30.96

                          Number of input reads |	8601
                      Average input read length |	24
                                    UNIQUE READS:
                   Uniquely mapped reads number |	197
                        Uniquely mapped reads % |	2.29%
                          Average mapped length |	40.34
                       Number of splices: Total |	0
            Number of splices: Annotated (sjdb) |	0
                       Number of splices: GT/AG |	0
                       Number of splices: GC/AG |	0
                       Number of splices: AT/AC |	0
               Number of splices: Non-canonical |	0
                      Mismatch rate per base, % |	0.11%
                         Deletion rate per base |	0.00%
                        Deletion average length |	0.00
                        Insertion rate per base |	0.00%
                       Insertion average length |	0.00
                             MULTI-MAPPING READS:
        Number of reads mapped to multiple loci |	353
             % of reads mapped to multiple loci |	4.10%
        Number of reads mapped to too many loci |	0
             % of reads mapped to too many loci |	0.00%
                                  UNMAPPED READS:
       % of reads unmapped: too many mismatches |	0.00%
                 % of reads unmapped: too short |	72.21%
                     % of reads unmapped: other |	21.39%
                                  CHIMERIC READS:
                       Number of chimeric reads |	0
                            % of chimeric reads |	0.00%
