                                 Started job on |	Nov 02 04:23:18
                             Started mapping on |	Nov 02 04:23:18
                                    Finished on |	Nov 02 04:23:18
       Mapping speed, Million of reads per hour |	inf

                          Number of input reads |	8625
                      Average input read length |	24
                                    UNIQUE READS:
                   Uniquely mapped reads number |	21
                        Uniquely mapped reads % |	0.24%
                          Average mapped length |	40.90
                       Number of splices: Total |	0
            Number of splices: Annotated (sjdb) |	0
                       Number of splices: GT/AG |	0
                       Number of splices: GC/AG |	0
                       Number of splices: AT/AC |	0
               Number of splices: Non-canonical |	0
                      Mismatch rate per base, % |	0.23%
                         Deletion rate per base |	0.00%
                        Deletion average length |	0.00
                        Insertion rate per base |	0.00%
                       Insertion average length |	0.00
                             MULTI-MAPPING READS:
        Number of reads mapped to multiple loci |	3
             % of reads mapped to multiple loci |	0.03%
        Number of reads mapped to too many loci |	0
             % of reads mapped to too many loci |	0.00%
                                  UNMAPPED READS:
       % of reads unmapped: too many mismatches |	0.00%
                 % of reads unmapped: too short |	78.39%
                     % of reads unmapped: other |	21.33%
                                  CHIMERIC READS:
                       Number of chimeric reads |	0
                            % of chimeric reads |	0.00%
