                                 Started job on |	Nov 02 04:15:57
                             Started mapping on |	Nov 02 04:15:59
                                    Finished on |	Nov 02 04:16:01
       Mapping speed, Million of reads per hour |	6.65

                          Number of input reads |	3692
                      Average input read length |	24
                                    UNIQUE READS:
                   Uniquely mapped reads number |	81
                        Uniquely mapped reads % |	2.19%
                          Average mapped length |	31.68
                       Number of splices: Total |	0
            Number of splices: Annotated (sjdb) |	0
                       Number of splices: GT/AG |	0
                       Number of splices: GC/AG |	0
                       Number of splices: AT/AC |	0
               Number of splices: Non-canonical |	0
                      Mismatch rate per base, % |	0.39%
                         Deletion rate per base |	0.00%
                        Deletion average length |	0.00
                        Insertion rate per base |	0.00%
                       Insertion average length |	0.00
                             MULTI-MAPPING READS:
        Number of reads mapped to multiple loci |	3302
             % of reads mapped to multiple loci |	89.44%
        Number of reads mapped to too many loci |	0
             % of reads mapped to too many loci |	0.00%
                                  UNMAPPED READS:
       % of reads unmapped: too many mismatches |	0.00%
                 % of reads unmapped: too short |	8.29%
                     % of reads unmapped: other |	0.08%
                                  CHIMERIC READS:
                       Number of chimeric reads |	0
                            % of chimeric reads |	0.00%
