                                 Started job on |	Nov 02 04:16:01
                             Started mapping on |	Nov 02 04:16:04
                                    Finished on |	Nov 02 04:16:05
       Mapping speed, Million of reads per hour |	16.37

                          Number of input reads |	4546
                      Average input read length |	22
                                    UNIQUE READS:
                   Uniquely mapped reads number |	19
                        Uniquely mapped reads % |	0.42%
                          Average mapped length |	18.58
                       Number of splices: Total |	0
            Number of splices: Annotated (sjdb) |	0
                       Number of splices: GT/AG |	0
                       Number of splices: GC/AG |	0
                       Number of splices: AT/AC |	0
               Number of splices: Non-canonical |	0
                      Mismatch rate per base, % |	3.97%
                         Deletion rate per base |	0.00%
                        Deletion average length |	0.00
                        Insertion rate per base |	0.00%
                       Insertion average length |	0.00
                             MULTI-MAPPING READS:
        Number of reads mapped to multiple loci |	30
             % of reads mapped to multiple loci |	0.66%
        Number of reads mapped to too many loci |	0
             % of reads mapped to too many loci |	0.00%
                                  UNMAPPED READS:
       % of reads unmapped: too many mismatches |	0.00%
                 % of reads unmapped: too short |	55.39%
                     % of reads unmapped: other |	43.53%
                                  CHIMERIC READS:
                       Number of chimeric reads |	0
                            % of chimeric reads |	0.00%
