                                 Started job on |	Nov 02 04:15:47
                             Started mapping on |	Nov 02 04:15:54
                                    Finished on |	Nov 02 04:15:57
       Mapping speed, Million of reads per hour |	9.89

                          Number of input reads |	8238
                      Average input read length |	23
                                    UNIQUE READS:
                   Uniquely mapped reads number |	1515
                        Uniquely mapped reads % |	18.39%
                          Average mapped length |	22.10
                       Number of splices: Total |	0
            Number of splices: Annotated (sjdb) |	0
                       Number of splices: GT/AG |	0
                       Number of splices: GC/AG |	0
                       Number of splices: AT/AC |	0
               Number of splices: Non-canonical |	0
                      Mismatch rate per base, % |	0.11%
                         Deletion rate per base |	0.00%
                        Deletion average length |	0.00
                        Insertion rate per base |	0.00%
                       Insertion average length |	0.00
                             MULTI-MAPPING READS:
        Number of reads mapped to multiple loci |	2177
             % of reads mapped to multiple loci |	26.43%
        Number of reads mapped to too many loci |	0
             % of reads mapped to too many loci |	0.00%
                                  UNMAPPED READS:
       % of reads unmapped: too many mismatches |	0.00%
                 % of reads unmapped: too short |	31.16%
                     % of reads unmapped: other |	24.02%
                                  CHIMERIC READS:
                       Number of chimeric reads |	0
                            % of chimeric reads |	0.00%
