                                 Started job on |	Nov 02 04:15:43
                             Started mapping on |	Nov 02 04:15:43
                                    Finished on |	Nov 02 04:15:44
       Mapping speed, Million of reads per hour |	31.35

                          Number of input reads |	8707
                      Average input read length |	23
                                    UNIQUE READS:
                   Uniquely mapped reads number |	61
                        Uniquely mapped reads % |	0.70%
                          Average mapped length |	35.84
                       Number of splices: Total |	0
            Number of splices: Annotated (sjdb) |	0
                       Number of splices: GT/AG |	0
                       Number of splices: GC/AG |	0
                       Number of splices: AT/AC |	0
               Number of splices: Non-canonical |	0
                      Mismatch rate per base, % |	0.46%
                         Deletion rate per base |	0.00%
                        Deletion average length |	0.00
                        Insertion rate per base |	0.00%
                       Insertion average length |	0.00
                             MULTI-MAPPING READS:
        Number of reads mapped to multiple loci |	408
             % of reads mapped to multiple loci |	4.69%
        Number of reads mapped to too many loci |	0
             % of reads mapped to too many loci |	0.00%
                                  UNMAPPED READS:
       % of reads unmapped: too many mismatches |	0.00%
                 % of reads unmapped: too short |	71.88%
                     % of reads unmapped: other |	22.73%
                                  CHIMERIC READS:
                       Number of chimeric reads |	0
                            % of chimeric reads |	0.00%
