                                 Started job on |	Nov 02 04:19:12
                             Started mapping on |	Nov 02 04:19:19
                                    Finished on |	Nov 02 04:19:21
       Mapping speed, Million of reads per hour |	14.28

                          Number of input reads |	7933
                      Average input read length |	22
                                    UNIQUE READS:
                   Uniquely mapped reads number |	1323
                        Uniquely mapped reads % |	16.68%
                          Average mapped length |	23.42
                       Number of splices: Total |	0
            Number of splices: Annotated (sjdb) |	0
                       Number of splices: GT/AG |	0
                       Number of splices: GC/AG |	0
                       Number of splices: AT/AC |	0
               Number of splices: Non-canonical |	0
                      Mismatch rate per base, % |	0.26%
                         Deletion rate per base |	0.00%
                        Deletion average length |	0.00
                        Insertion rate per base |	0.00%
                       Insertion average length |	0.00
                             MULTI-MAPPING READS:
        Number of reads mapped to multiple loci |	2206
             % of reads mapped to multiple loci |	27.81%
        Number of reads mapped to too many loci |	0
             % of reads mapped to too many loci |	0.00%
                                  UNMAPPED READS:
       % of reads unmapped: too many mismatches |	0.00%
                 % of reads unmapped: too short |	23.80%
                     % of reads unmapped: other |	31.72%
                                  CHIMERIC READS:
                       Number of chimeric reads |	0
                            % of chimeric reads |	0.00%
