                                 Started job on |	Nov 02 04:19:26
                             Started mapping on |	Nov 02 04:19:28
                                    Finished on |	Nov 02 04:19:30
       Mapping speed, Million of reads per hour |	7.93

                          Number of input reads |	4404
                      Average input read length |	19
                                    UNIQUE READS:
                   Uniquely mapped reads number |	10
                        Uniquely mapped reads % |	0.23%
                          Average mapped length |	18.90
                       Number of splices: Total |	0
            Number of splices: Annotated (sjdb) |	0
                       Number of splices: GT/AG |	0
                       Number of splices: GC/AG |	0
                       Number of splices: AT/AC |	0
               Number of splices: Non-canonical |	0
                      Mismatch rate per base, % |	5.29%
                         Deletion rate per base |	0.00%
                        Deletion average length |	0.00
                        Insertion rate per base |	0.00%
                       Insertion average length |	0.00
                             MULTI-MAPPING READS:
        Number of reads mapped to multiple loci |	25
             % of reads mapped to multiple loci |	0.57%
        Number of reads mapped to too many loci |	0
             % of reads mapped to too many loci |	0.00%
                                  UNMAPPED READS:
       % of reads unmapped: too many mismatches |	0.00%
                 % of reads unmapped: too short |	42.14%
                     % of reads unmapped: other |	57.06%
                                  CHIMERIC READS:
                       Number of chimeric reads |	0
                            % of chimeric reads |	0.00%
