                                 Started job on |	Nov 02 04:02:40
                             Started mapping on |	Nov 02 04:02:50
                                    Finished on |	Nov 02 04:02:51
       Mapping speed, Million of reads per hour |	19.44

                          Number of input reads |	5399
                      Average input read length |	19
                                    UNIQUE READS:
                   Uniquely mapped reads number |	794
                        Uniquely mapped reads % |	14.71%
                          Average mapped length |	22.42
                       Number of splices: Total |	0
            Number of splices: Annotated (sjdb) |	0
                       Number of splices: GT/AG |	0
                       Number of splices: GC/AG |	0
                       Number of splices: AT/AC |	0
               Number of splices: Non-canonical |	0
                      Mismatch rate per base, % |	0.15%
                         Deletion rate per base |	0.00%
                        Deletion average length |	0.00
                        Insertion rate per base |	0.00%
                       Insertion average length |	0.00
                             MULTI-MAPPING READS:
        Number of reads mapped to multiple loci |	964
             % of reads mapped to multiple loci |	17.86%
        Number of reads mapped to too many loci |	0
             % of reads mapped to too many loci |	0.00%
                                  UNMAPPED READS:
       % of reads unmapped: too many mismatches |	0.00%
                 % of reads unmapped: too short |	19.23%
                     % of reads unmapped: other |	48.21%
                                  CHIMERIC READS:
                       Number of chimeric reads |	0
                            % of chimeric reads |	0.00%
