                                 Started job on |	Nov 02 04:02:52
                             Started mapping on |	Nov 02 04:02:54
                                    Finished on |	Nov 02 04:02:56
       Mapping speed, Million of reads per hour |	3.16

                          Number of input reads |	1758
                      Average input read length |	24
                                    UNIQUE READS:
                   Uniquely mapped reads number |	47
                        Uniquely mapped reads % |	2.67%
                          Average mapped length |	27.30
                       Number of splices: Total |	0
            Number of splices: Annotated (sjdb) |	0
                       Number of splices: GT/AG |	0
                       Number of splices: GC/AG |	0
                       Number of splices: AT/AC |	0
               Number of splices: Non-canonical |	0
                      Mismatch rate per base, % |	0.55%
                         Deletion rate per base |	0.00%
                        Deletion average length |	0.00
                        Insertion rate per base |	0.00%
                       Insertion average length |	0.00
                             MULTI-MAPPING READS:
        Number of reads mapped to multiple loci |	1462
             % of reads mapped to multiple loci |	83.16%
        Number of reads mapped to too many loci |	0
             % of reads mapped to too many loci |	0.00%
                                  UNMAPPED READS:
       % of reads unmapped: too many mismatches |	0.00%
                 % of reads unmapped: too short |	14.16%
                     % of reads unmapped: other |	0.00%
                                  CHIMERIC READS:
                       Number of chimeric reads |	0
                            % of chimeric reads |	0.00%
