                                 Started job on |	Nov 02 04:02:56
                             Started mapping on |	Nov 02 04:02:59
                                    Finished on |	Nov 02 04:03:00
       Mapping speed, Million of reads per hour |	13.11

                          Number of input reads |	3641
                      Average input read length |	16
                                    UNIQUE READS:
                   Uniquely mapped reads number |	3
                        Uniquely mapped reads % |	0.08%
                          Average mapped length |	21.00
                       Number of splices: Total |	0
            Number of splices: Annotated (sjdb) |	0
                       Number of splices: GT/AG |	0
                       Number of splices: GC/AG |	0
                       Number of splices: AT/AC |	0
               Number of splices: Non-canonical |	0
                      Mismatch rate per base, % |	4.76%
                         Deletion rate per base |	0.00%
                        Deletion average length |	0.00
                        Insertion rate per base |	0.00%
                       Insertion average length |	0.00
                             MULTI-MAPPING READS:
        Number of reads mapped to multiple loci |	20
             % of reads mapped to multiple loci |	0.55%
        Number of reads mapped to too many loci |	0
             % of reads mapped to too many loci |	0.00%
                                  UNMAPPED READS:
       % of reads unmapped: too many mismatches |	0.00%
                 % of reads unmapped: too short |	27.99%
                     % of reads unmapped: other |	71.38%
                                  CHIMERIC READS:
                       Number of chimeric reads |	0
                            % of chimeric reads |	0.00%
