                                 Started job on |	Nov 02 04:02:36
                             Started mapping on |	Nov 02 04:02:37
                                    Finished on |	Nov 02 04:02:37
       Mapping speed, Million of reads per hour |	inf

                          Number of input reads |	5794
                      Average input read length |	19
                                    UNIQUE READS:
                   Uniquely mapped reads number |	43
                        Uniquely mapped reads % |	0.74%
                          Average mapped length |	35.26
                       Number of splices: Total |	0
            Number of splices: Annotated (sjdb) |	0
                       Number of splices: GT/AG |	0
                       Number of splices: GC/AG |	0
                       Number of splices: AT/AC |	0
               Number of splices: Non-canonical |	0
                      Mismatch rate per base, % |	0.20%
                         Deletion rate per base |	0.00%
                        Deletion average length |	0.00
                        Insertion rate per base |	0.00%
                       Insertion average length |	0.00
                             MULTI-MAPPING READS:
        Number of reads mapped to multiple loci |	4
             % of reads mapped to multiple loci |	0.07%
        Number of reads mapped to too many loci |	0
             % of reads mapped to too many loci |	0.00%
                                  UNMAPPED READS:
       % of reads unmapped: too many mismatches |	0.00%
                 % of reads unmapped: too short |	54.37%
                     % of reads unmapped: other |	44.82%
                                  CHIMERIC READS:
                       Number of chimeric reads |	0
                            % of chimeric reads |	0.00%
